// Jest Snapshot v1, https://goo.gl/fbAQLP

exports[`should render app 1`] = `
<DocumentFragment>
  <div
    class="p-5 container-fluid"
  >
    <div
      class="row"
    >
      <div
        class="col-xl-3 col-lg-4 col-md-5 col-12"
      >
        <div
          class="vstack gap-3 minBreakpoint-xs"
        >
          <input
            class="form-control"
            placeholder="Write name here..."
          />
        </div>
      </div>
      <div
        class="col"
      />
    </div>
  </div>
</DocumentFragment>
`;
