// Jest Snapshot v1, https://goo.gl/fbAQLP

exports[`employees component tests should match a snapshot 1`] = `
<DocumentFragment>
  <div
    class="my-5 position-relative container"
  >
    <h5
      class="sc-bczRLJ jLIzaW"
    >
      Employee:
    </h5>
    <p
      class="sc-gsnTZi bvivqN"
    >
      Bob 
    </p>
    <h5
      class="sc-bczRLJ jLIzaW"
    >
      Subordinates:
    </h5>
    <p
      class="sc-gsnTZi bvivqN"
    >
      Leam, Caren
    </p>
    <button
      class="position-absolute top-0 end-0 btn btn-primary"
      type="button"
    >
      Copy this URL
    </button>
    <div
      class="toast-container position-absolute bottom-0 start-0 p-3"
    />
  </div>
</DocumentFragment>
`;
