// Jest Snapshot v1, https://goo.gl/fbAQLP

exports[`search component tests should match a snapshot 1`] = `
<DocumentFragment>
  <div
    class="p-5 container-fluid"
  >
    <div
      class="row"
    >
      <div
        class="col-xl-3 col-lg-4 col-md-5 col-12"
      >
        <div
          class="vstack gap-3 minBreakpoint-xs"
        >
          <input
            class="form-control"
            placeholder="Write name here..."
          />
          <div
            class="g-2  row"
          >
            <div
              class="d-flex col-xl-3 col-md-4 col-sm-2 col-4"
            >
              <a
                class="w-100"
                href="/1"
              >
                <button
                  class="sc-bczRLJ gMmpAf btn btn-outline-primary"
                  type="button"
                >
                  Doug Lime
                </button>
              </a>
            </div>
            <div
              class="d-flex col-xl-3 col-md-4 col-sm-2 col-4"
            >
              <a
                class="w-100"
                href="/2"
              >
                <button
                  class="sc-bczRLJ gMmpAf btn btn-outline-primary"
                  type="button"
                >
                  Lin Cheng
                </button>
              </a>
            </div>
            <div
              class="d-flex col-xl-3 col-md-4 col-sm-2 col-4"
            >
              <a
                class="w-100"
                href="/3"
              >
                <button
                  class="sc-bczRLJ gMmpAf btn btn-outline-primary"
                  type="button"
                >
                  Bob Welp
                </button>
              </a>
            </div>
            <div
              class="d-flex col-xl-3 col-md-4 col-sm-2 col-4"
            >
              <a
                class="w-100"
                href="/4"
              >
                <button
                  class="sc-bczRLJ gMmpAf btn btn-outline-primary"
                  type="button"
                >
                  Dakota Stein
                </button>
              </a>
            </div>
            <div
              class="d-flex col-xl-3 col-md-4 col-sm-2 col-4"
            >
              <a
                class="w-100"
                href="/5"
              >
                <button
                  class="sc-bczRLJ gMmpAf btn btn-outline-primary"
                  type="button"
                >
                  Mongo K
                </button>
              </a>
            </div>
            <div
              class="d-flex col-xl-3 col-md-4 col-sm-2 col-4"
            >
              <a
                class="w-100"
                href="/6"
              >
                <button
                  class="sc-bczRLJ gMmpAf btn btn-outline-primary"
                  type="button"
                >
                  Dew Dong
                </button>
              </a>
            </div>
            <div
              class="d-flex col-xl-3 col-md-4 col-sm-2 col-4"
            >
              <a
                class="w-100"
                href="/7"
              >
                <button
                  class="sc-bczRLJ gMmpAf btn btn-outline-primary"
                  type="button"
                >
                  Mort Dog
                </button>
              </a>
            </div>
            <div
              class="d-flex col-xl-3 col-md-4 col-sm-2 col-4"
            >
              <a
                class="w-100"
                href="/8"
              >
                <button
                  class="sc-bczRLJ gMmpAf btn btn-outline-primary"
                  type="button"
                >
                  Forman Go
                </button>
              </a>
            </div>
            <div
              class="d-flex col-xl-3 col-md-4 col-sm-2 col-4"
            >
              <a
                class="w-100"
                href="/9"
              >
                <button
                  class="sc-bczRLJ gMmpAf btn btn-outline-primary"
                  type="button"
                >
                  Dew Kelg
                </button>
              </a>
            </div>
          </div>
        </div>
      </div>
      <div
        class="col"
      />
    </div>
  </div>
</DocumentFragment>
`;
